// Jest Snapshot v1, https://goo.gl/fbAQLP

exports[`PortfolioList.vue it matches its snapshot with no portfolios 1`] = `undefined`;

exports[`PortfolioList.vue it matches its snapshot with two Portfolios 1`] = `
<div class="layout row wrap">
    <div class="flex xs12">
        <!---->
        <hr class="divider">
    </div>
    <div class="flex xs12">
        <!---->
        <hr class="divider">
    </div>
</div>
`;
